{
'project:dojo-1.8.1/dijit/tree/dndSource.js.uncompressed.js':[
440,
],
'project:dojo-1.8.1/dojo/dojo.js.uncompressed.js':[
3277,
8440,
8473,
8484,
],
'project:dojo-1.8.1/dojo/i18n.js.uncompressed.js':[
515,
],
'project:dojo-1.8.1/dojo/selector/acme.js.uncompressed.js':[
301,
334,
345,
],
'project:dojo-1.8.1/dojox/calc/Grapher.js.uncompressed.js':[
442,
],
'project:dojo-1.8.1/dojox/calendar/MonthColumnView.js.uncompressed.js':[
245,
],
'project:dojo-1.8.1/dojox/charting/DataChart.js.uncompressed.js':[
434,
],
'project:dojo-1.8.1/dojox/charting/action2d/_IndicatorElement.js.uncompressed.js':[
314,
],
'project:dojo-1.8.1/dojox/charting/plot2d/Pie.js.uncompressed.js':[
498,
498,
],
'project:dojo-1.8.1/dojox/charting/plot2d/Spider.js.uncompressed.js':[
227,
265,
274,
],
'project:dojo-1.8.1/dojox/charting/plot2d/common.js.uncompressed.js':[
202,
],
'project:dojo-1.8.1/dojox/charting/widget/Chart2D.js.uncompressed.js':[
1052,
1052,
8161,
8199,
8208,
9559,
],
'project:dojo-1.8.1/dojox/date/timezone.js.uncompressed.js':[
446,
],
'project:dojo-1.8.1/dojox/dgauges/components/utils.js.uncompressed.js':[
45,
],
'project:dojo-1.8.1/dojox/drawing/tools/custom/Axes.js.uncompressed.js':[
358,
364,
367,
469,
],
'project:dojo-1.8.1/dojox/gfx/gradient.js.uncompressed.js':[
67,
],
'project:dojo-1.8.1/dojox/mobile/app.js.uncompressed.js':[
6035,
],
'project:dojo-1.8.1/dojox/mobile/app/ListSelector.js.uncompressed.js':[
95,
],
'project:dojo-1.8.1/dojox/mobile/bookmarkable.js.uncompressed.js':[
117,
],
'project:dojo-1.8.1/dojox/mvc/sync.js.uncompressed.js':[
195,
227,
232,
],
'project:dojo-1.8.1/dojox/sketch/Figure.js.uncompressed.js':[
442,
],
'project:dojo-1.8.1/dojox/treemap/Keyboard.js.uncompressed.js':[
68,
71,
74,
],
'project:dojo-1.8.1/dojox/validate/check.js.uncompressed.js':[
197,
205,
],
'project:ecmascript6/Ghost/core/client/app/components/gh-search-input.js':[
151,
],
'project:ecmascript6/Ghost/core/server/config/url.js':[
176,
179,
182,
185,
199,
],
'project:ecmascript6/di.js/chrome-extension/visualize/lib/d3.v3.js':[
5069,
6288,
6741,
6754,
9200,
],
'project:ecmascript6/di.js/visualize/lib/d3.v3.js':[
5069,
6288,
6741,
6754,
9200,
],
'project:ecmascript6/sonar-web/src/main/js/apps/coding-rules/bulk-change-modal-view.js':[
18,
25,
],
'project:ecmascript6/watchtower.js/src/dirty_checking.js':[
306,
],
'project:frameworks/wordpress/updates.js':[
158,
223,
265,
417,
],
'project:google-closure-library/testing/loosemock.js':[
163,
],
'project:jquery-1.7.2.js':[
4097,
6208,
],
'project:jshint-2012.06.15.js':[
1861,
1870,
1878,
1884,
1891,
1896,
1906,
2850,
],
'project:mootools-core-1.4.5-full-nocompat.js':[
3251,
3256,
3738,
],
'project:open-layers-2.12/OpenLayers/BaseTypes.js':[
131,
136,
],
'project:open-layers-2.12/OpenLayers/Control/Graticule.js':[
319,
359,
],
'project:open-layers-2.12/OpenLayers/Format/GML.js':[
569,
],
'project:open-layers-2.12/OpenLayers/Format/WMTSCapabilities.js':[
121,
],
'project:open-layers-2.12/OpenLayers/Geometry/LineString.js':[
330,
],
'project:open-layers-2.12/OpenLayers/Layer/Vector.js':[
998,
],
'project:open-layers-2.12/OpenLayers/Map.js':[
1877,
1889,
],
'project:open-layers-2.12/OpenLayers/Renderer/SVG.js':[
338,
],
'project:open-layers-2.12/deprecated.js':[
5121,
],
'project:paper-0.22.js':[
2856,
7633,
],
'project:processing-1.3.6.js':[
2072,
2093,
2871,
2879,
2999,
3009,
3291,
],
'project:prototype-1.7.js':[
4087,
5603,
],
'project:yui-3.7.3/charts-base/charts-base.js':[
5745,
5778,
5827,
5860,
14379,
14402,
15045,
15064,
15083,
15102,
],
'project:yui-3.7.3/charts-legend/charts-legend.js':[
127,
584,
603,
622,
],
'project:yui-3.7.3/simpleyui/simpleyui.js':[
18685,
],
'project:yui-3.7.3/transition/transition.js':[
181,
],
}
