{
'project:angular-1.0.3.js':[
4811,
8964,
],
'project:dojo-1.8.1/dijit/_TemplatedMixin.js.uncompressed.js':[
202,
],
'project:dojo-1.8.1/dijit/_base/focus.js.uncompressed.js':[
146,
],
'project:dojo-1.8.1/dijit/dijit-all.js.uncompressed.js':[
5174,
11227,
],
'project:dojo-1.8.1/dijit/dijit.js.uncompressed.js':[
2523,
4931,
5406,
5736,
6770,
],
'project:dojo-1.8.1/dijit/layout/AccordionContainer.js.uncompressed.js':[
317,
],
'project:dojo-1.8.1/dojo/Deferred.js.uncompressed.js':[
21,
114,
216,
],
'project:dojo-1.8.1/dojo/_base/array.js.uncompressed.js':[
340,
],
'project:dojo-1.8.1/dojo/_base/config.js.uncompressed.js':[
165,
],
'project:dojo-1.8.1/dojo/_base/connect.js.uncompressed.js':[
24,
369,
],
'project:dojo-1.8.1/dojo/_base/event.js.uncompressed.js':[
53,
],
'project:dojo-1.8.1/dojo/_base/fx.js.uncompressed.js':[
663,
],
'project:dojo-1.8.1/dojo/_base/kernel.js.uncompressed.js':[
79,
107,
139,
148,
152,
231,
235,
248,
252,
],
'project:dojo-1.8.1/dojo/_base/lang.js.uncompressed.js':[
288,
373,
375,
601,
],
'project:dojo-1.8.1/dojo/_base/loader.js.uncompressed.js':[
10,
15,
41,
],
'project:dojo-1.8.1/dojo/_base/sniff.js.uncompressed.js':[
13,
],
'project:dojo-1.8.1/dojo/_base/window.js.uncompressed.js':[
130,
],
'project:dojo-1.8.1/dojo/_base/xhr.js.uncompressed.js':[
441,
],
'project:dojo-1.8.1/dojo/_firebug/firebug.js.uncompressed.js':[
1157,
],
'project:dojo-1.8.1/dojo/back.js.uncompressed.js':[
10,
],
'project:dojo-1.8.1/dojo/date.js.uncompressed.js':[
343,
],
'project:dojo-1.8.1/dojo/dojo.js.uncompressed.js':[
545,
732,
831,
836,
884,
923,
1028,
1169,
1210,
1231,
1238,
1422,
1523,
1559,
1760,
1778,
1794,
1804,
2600,
2774,
3054,
3061,
3061,
3142,
3895,
3923,
3955,
3964,
3968,
4047,
4051,
4064,
4068,
5808,
5887,
5975,
5980,
6006,
11485,
11696,
12375,
12460,
12462,
12688,
13537,
13925,
14018,
14120,
14965,
15494,
15964,
16194,
16695,
16754,
16755,
16828,
16850,
17309,
17310,
17317,
17326,
17360,
17705,
],
'project:dojo-1.8.1/dojo/has.js.uncompressed.js':[
19,
98,
],
'project:dojo-1.8.1/dojo/i18n.js.uncompressed.js':[
12,
292,
299,
299,
380,
],
'project:dojo-1.8.1/dojo/main.js.uncompressed.js':[
34,
35,
],
'project:dojo-1.8.1/dojo/node.js.uncompressed.js':[
2,
],
'project:dojo-1.8.1/dojo/on.js.uncompressed.js':[
4,
],
'project:dojo-1.8.1/dojo/parser.js.uncompressed.js':[
854,
],
'project:dojo-1.8.1/dojo/ready.js.uncompressed.js':[
112,
113,
120,
129,
],
'project:dojo-1.8.1/dojo/request/default.js.uncompressed.js':[
9,
],
'project:dojo-1.8.1/dojo/request/xhr.js.uncompressed.js':[
114,
],
'project:dojo-1.8.1/dojo/sniff.js.uncompressed.js':[
13,
],
'project:dojo-1.8.1/dojo/text.js.uncompressed.js':[
6,
],
'project:dojo-1.8.1/dojo/touch.js.uncompressed.js':[
216,
],
'project:dojo-1.8.1/dojo/window.js.uncompressed.js':[
165,
],
'project:dojo-1.8.1/dojox/atom/io/model.js.uncompressed.js':[
578,
],
'project:dojo-1.8.1/dojox/atom/widget/FeedEntryEditor.js.uncompressed.js':[
140,
],
'project:dojo-1.8.1/dojox/atom/widget/FeedViewer.js.uncompressed.js':[
309,
],
'project:dojo-1.8.1/dojox/calendar/MonthColumnView.js.uncompressed.js':[
1347,
],
'project:dojo-1.8.1/dojox/calendar/SimpleColumnView.js.uncompressed.js':[
1402,
],
'project:dojo-1.8.1/dojox/charting/widget/Chart.js.uncompressed.js':[
17,
],
'project:dojo-1.8.1/dojox/charting/widget/Chart2D.js.uncompressed.js':[
6204,
6269,
14477,
14483,
15461,
16164,
16520,
],
'project:dojo-1.8.1/dojox/collections/BinaryTree.js.uncompressed.js':[
122,
],
'project:dojo-1.8.1/dojox/data/FlickrStore.js.uncompressed.js':[
279,
],
'project:dojo-1.8.1/dojox/data/ServiceStore.js.uncompressed.js':[
161,
],
'project:dojo-1.8.1/dojox/data/XmlStore.js.uncompressed.js':[
253,
],
'project:dojo-1.8.1/dojox/drawing/annotations/BoxShadow.js.uncompressed.js':[
160,
179,
279,
299,
],
'project:dojo-1.8.1/dojox/drawing/defaults.js.uncompressed.js':[
256,
],
'project:dojo-1.8.1/dojox/drawing/plugins/tools/Pan.js.uncompressed.js':[
193,
206,
],
'project:dojo-1.8.1/dojox/drawing/tools/TextBlock.js.uncompressed.js':[
717,
764,
],
'project:dojo-1.8.1/dojox/drawing/tools/custom/Vector.js.uncompressed.js':[
295,
],
'project:dojo-1.8.1/dojox/drawing/ui/dom/Pan.js.uncompressed.js':[
160,
173,
],
'project:dojo-1.8.1/dojox/dtl.js.uncompressed.js':[
1898,
2790,
],
'project:dojo-1.8.1/dojox/dtl/contrib/dijit.js.uncompressed.js':[
52,
],
'project:dojo-1.8.1/dojox/dtl/filter/logic.js.uncompressed.js':[
39,
],
'project:dojo-1.8.1/dojox/dtl/filter/strings.js.uncompressed.js':[
245,
303,
],
'project:dojo-1.8.1/dojox/dtl/tag/logic.js.uncompressed.js':[
80,
],
'project:dojo-1.8.1/dojox/editor/plugins/SpellCheck.js.uncompressed.js':[
694,
],
'project:dojo-1.8.1/dojox/embed/Flash.js.uncompressed.js':[
469,
],
'project:dojo-1.8.1/dojox/form/Uploader.js.uncompressed.js':[
137,
],
'project:dojo-1.8.1/dojox/fx/Timeline.js.uncompressed.js':[
175,
],
'project:dojo-1.8.1/dojox/fx/split.js.uncompressed.js':[
520,
],
'project:dojo-1.8.1/dojox/gantt/GanttProjectControl.js.uncompressed.js':[
735,
750,
794,
812,
],
'project:dojo-1.8.1/dojox/gantt/GanttTaskControl.js.uncompressed.js':[
1254,
],
'project:dojo-1.8.1/dojox/geo/charting/Feature.js.uncompressed.js':[
141,
],
'project:dojo-1.8.1/dojox/geo/openlayers/Map.js.uncompressed.js':[
193,
505,
],
'project:dojo-1.8.1/dojox/gfx/canvas.js.uncompressed.js':[
864,
865,
],
'project:dojo-1.8.1/dojox/gfx/canvasWithEvents.js.uncompressed.js':[
616,
617,
],
'project:dojo-1.8.1/dojox/gfx/gradutils.js.uncompressed.js':[
59,
],
'project:dojo-1.8.1/dojox/gfx/shape.js.uncompressed.js':[
510,
516,
],
'project:dojo-1.8.1/dojox/gfx/silverlight.js.uncompressed.js':[
265,
268,
669,
670,
],
'project:dojo-1.8.1/dojox/gfx/vml.js.uncompressed.js':[
1178,
1179,
],
'project:dojo-1.8.1/dojox/grid/DataGrid.js.uncompressed.js':[
2885,
6522,
7812,
12288,
13871,
],
'project:dojo-1.8.1/dojox/grid/_FocusManager.js.uncompressed.js':[
230,
],
'project:dojo-1.8.1/dojox/grid/enhanced/plugins/CellMerge.js.uncompressed.js':[
262,
],
'project:dojo-1.8.1/dojox/io/proxy/xip.js.uncompressed.js':[
202,
],
'project:dojo-1.8.1/dojox/mobile.js.uncompressed.js':[
243,
416,
],
'project:dojo-1.8.1/dojox/mobile/Accordion.js.uncompressed.js':[
407,
],
'project:dojo-1.8.1/dojox/mobile/SwapView.js.uncompressed.js':[
225,
],
'project:dojo-1.8.1/dojox/mobile/_ScrollableMixin.js.uncompressed.js':[
75,
],
'project:dojo-1.8.1/dojox/mobile/app.js.uncompressed.js':[
4295,
5924,
9276,
12052,
],
'project:dojo-1.8.1/dojox/mobile/iconUtils.js.uncompressed.js':[
167,
],
'project:dojo-1.8.1/dojox/mvc/ListController.js.uncompressed.js':[
30,
],
'project:dojo-1.8.1/dojox/secure/DOM.js.uncompressed.js':[
36,
],
'project:dojo-1.8.1/dojox/socket.js.uncompressed.js':[
120,
],
'project:dojo-1.8.1/dojox/storage/AirDBStorageProvider.js.uncompressed.js':[
10,
203,
],
'project:dojo-1.8.1/dojox/storage/AirEncryptedLocalStorageProvider.js.uncompressed.js':[
10,
179,
],
'project:dojo-1.8.1/dojox/storage/AirFileStorageProvider.js.uncompressed.js':[
10,
189,
],
'project:dojo-1.8.1/dojox/storage/FlashStorageProvider.js.uncompressed.js':[
72,
],
'project:dojo-1.8.1/dojox/storage/GearsStorageProvider.js.uncompressed.js':[
263,
303,
],
'project:dojo-1.8.1/dojox/treemap/TreeMap.js.uncompressed.js':[
172,
],
'project:dojo-1.8.1/dojox/xml/widgetParser.js.uncompressed.js':[
131,
],
'project:dojo-1.8.1/dojox/xmpp/xmppSession.js.uncompressed.js':[
304,
326,
],
'project:ecmascript6/Ghost/core/client/app/components/gh-spin-button.js':[
40,
],
'project:ecmascript6/Ghost/core/client/app/controllers/posts.js':[
58,
62,
],
'project:ecmascript6/Ghost/core/server/middleware/auth.js':[
120,
],
'project:ecmascript6/di.js/chrome-extension/visualize/lib/d3.v3.js':[
5699,
],
'project:ecmascript6/di.js/example/angular-loader/traceur.js':[
16067,
],
'project:ecmascript6/di.js/visualize/lib/d3.v3.js':[
5699,
],
'project:ecmascript6/ecmascript6-today/1-let.js':[
7,
],
'project:ecmascript6/expressionist.js/test/parser.spec.js':[
56,
57,
61,
62,
63,
69,
70,
71,
72,
73,
74,
74,
75,
80,
80,
658,
],
'project:ecmascript6/http/test/mocks/Xhr.js':[
82,
],
'project:ecmascript6/redux/src/utils/bindActionCreators.js':[
33,
],
'project:ecmascript6/router/third_party/brick/brick-1.0.1.byob.js':[
1488,
1698,
1704,
1710,
],
'project:ecmascript6/sonar-web/src/main/js/apps/custom-measures/form-view.js':[
46,
],
'project:ecmascript6/sonar-web/src/main/js/components/source-viewer/main.js':[
450,
],
'project:ecmascript6/sonar-web/src/main/js/main/processes.js':[
140,
],
'project:ecmascript6/sonar-web/src/main/js/widgets/issue-filter/widget.js':[
29,
],
'project:frameworks/wordpress/customize-widgets.js':[
339,
],
'project:google-closure-library/cssom/iframe/style.js':[
141,
],
'project:google-closure-library/datasource/expr.js':[
294,
],
'project:google-closure-library/module/moduleloader.js':[
236,
],
'project:google-closure-library/net/xpc/nixtransport.js':[
414,
462,
],
'project:google-closure-library/testing/mockmatchers.js':[
386,
],
'project:google-closure-library/ui/select.js':[
322,
],
'project:jquery-1.7.2.js':[
2544,
2552,
4501,
4501,
8729,
],
'project:knockout-2.1.0.debug.js':[
1295,
3045,
],
'project:mootools-core-1.4.5-full-nocompat.js':[
2651,
3738,
],
'project:ocanvas-2.2.2.js':[
853,
1077,
],
'project:open-layers-2.12/OpenLayers/Events.js':[
329,
],
'project:open-layers-2.12/deprecated.js':[
62,
2592,
],
'project:paper-0.22.js':[
5747,
6976,
],
'project:processing-1.3.6.js':[
1673,
2853,
3048,
4160,
],
'project:prototype-1.7.js':[
4380,
4380,
4995,
],
'project:scriptaculous-1.9.0/dragdrop.js':[
850,
],
'project:scriptaculous-1.9.0/unittest.js':[
451,
454,
],
'project:yui-3.7.3/base-base/base-base.js':[
263,
],
'project:yui-3.7.3/charts-base/charts-base.js':[
4448,
4572,
4657,
8987,
9137,
],
'project:yui-3.7.3/dd-ddm-drop/dd-ddm-drop.js':[
190,
],
'project:yui-3.7.3/dom-core/dom-core.js':[
122,
],
'project:yui-3.7.3/event-base-ie/event-base-ie.js':[
111,
],
'project:yui-3.7.3/event-mouseenter/event-mouseenter.js':[
101,
],
'project:yui-3.7.3/graphics-canvas/graphics-canvas.js':[
1719,
],
'project:yui-3.7.3/loader-base/loader-base.js':[
1748,
1990,
2025,
],
'project:yui-3.7.3/loader/loader.js':[
1748,
1990,
2025,
],
'project:yui-3.7.3/matrix/matrix.js':[
647,
652,
],
'project:yui-3.7.3/node-core/node-core.js':[
811,
],
'project:yui-3.7.3/node-focusmanager/node-focusmanager.js':[
680,
705,
785,
],
'project:yui-3.7.3/node-menunav/node-menunav.js':[
1450,
],
'project:yui-3.7.3/simpleyui/simpleyui.js':[
1056,
5595,
6597,
12788,
19067,
19860,
],
'project:yui-3.7.3/stylesheet/stylesheet.js':[
136,
],
'project:yui-3.7.3/transition/transition.js':[
563,
],
'project:yui-3.7.3/widget-modality/widget-modality.js':[
518,
],
'project:yui-3.7.3/yui-base/yui-base.js':[
1056,
5595,
],
'project:yui-3.7.3/yui-core/yui-core.js':[
1056,
],
'project:yui-3.7.3/yui-log/yui-log.js':[
54,
],
'project:yui-3.7.3/yui-nodejs/yui-nodejs.js':[
1056,
4516,
6477,
6719,
6754,
],
'project:yui-3.7.3/yui/yui.js':[
1056,
5595,
7476,
7718,
7753,
],
}
