{
'project:yui-3.7.3/dial/dial.js':[
876,
877,
878,
879,
],
}
