{
'project:dojo-1.8.1/dojox/drawing/defaults.js.uncompressed.js':[
256,
],
'project:ecmascript6/redux/src/utils/bindActionCreators.js':[
33,
],
'project:jquery-1.7.2.js':[
8635,
],
'project:knockout-2.1.0.debug.js':[
1295,
],
'project:processing-1.3.6.js':[
4160,
],
'project:yui-3.7.3/event-base-ie/event-base-ie.js':[
111,
],
}
