{
'project:angular-1.0.3.js':[
10189,
],
'project:ecmascript6/di.js/chrome-extension/visualize/lib/angular.js':[
14752,
],
'project:ecmascript6/di.js/visualize/lib/angular.js':[
14752,
],
}
